13:52:05 **** Incremental Build of configuration Debug for project Lab4_UART_FullDuplex ****
make -j8 all 
arm-none-eabi-gcc "../Core/Src/main.c" -mcpu=cortex-m4 -std=gnu11 -g3 -DDEBUG -DUSE_HAL_DRIVER -DSTM32F407xx -c -I../Core/Inc -I../Drivers/STM32F4xx_HAL_Driver/Inc -I../Drivers/STM32F4xx_HAL_Driver/Inc/Legacy -I../Drivers/CMSIS/Device/ST/STM32F4xx/Include -I../Drivers/CMSIS/Include -O0 -ffunction-sections -fdata-sections -Wall -fstack-usage -MMD -MP -MF"Core/Src/main.d" -MT"Core/Src/main.o" --specs=nano.specs -mfpu=fpv4-sp-d16 -mfloat-abi=hard -mthumb -o "Core/Src/main.o"
arm-none-eabi-gcc -o "Lab4_UART_FullDuplex.elf" @"objects.list"   -mcpu=cortex-m4 -T"C:\Users\khouloud Matri\STM32CubeIDE\workspace_1.10.1\Lab4_UART_FullDuplex\STM32F407VGTX_FLASH.ld" --specs=nosys.specs -Wl,-Map="Lab4_UART_FullDuplex.map" -Wl,--gc-sections -static --specs=nano.specs -mfpu=fpv4-sp-d16 -mfloat-abi=hard -mthumb -Wl,--start-group -lc -lm -Wl,--end-group
Finished building target: Lab4_UART_FullDuplex.elf
 
arm-none-eabi-size   Lab4_UART_FullDuplex.elf 
arm-none-eabi-objdump -h -S  Lab4_UART_FullDuplex.elf  > "Lab4_UART_FullDuplex.list"
   text	   data	    bss	    dec	    hex	filename
  10696	     20	   1636	  12352	   3040	Lab4_UART_FullDuplex.elf
Finished building: default.size.stdout
 
Finished building: Lab4_UART_FullDuplex.list
 

13:52:06 Build Finished. 0 errors, 0 warnings. (took 1s.76ms)

